2026-02-25 21:43:42,188 - INFO - Job started
2026-02-25 21:43:42,190 - ERROR - Job failed
Traceback (most recent call last):
  File "C:\Users\Madesh\Documents\PT AI\run.py", line 41, in main
    raise FileNotFoundError("Config file not found")
FileNotFoundError: Config file not found
2026-02-25 21:44:22,597 - INFO - Job started
2026-02-25 21:44:22,623 - INFO - Config validated: seed=42, window=5, version=v1
2026-02-25 21:44:22,668 - ERROR - Job failed
Traceback (most recent call last):
  File "C:\Users\Madesh\Documents\PT AI\run.py", line 68, in main
    raise ValueError("Missing required column: close")
ValueError: Missing required column: close
2026-02-25 21:55:01,474 - INFO - Job started
2026-02-25 21:55:01,476 - INFO - Config validated: seed=42, window=5, version=v1
2026-02-25 21:55:01,508 - ERROR - Job failed
Traceback (most recent call last):
  File "C:\Users\Madesh\Documents\PT AI\run.py", line 68, in main
    raise ValueError("Missing required column: close")
ValueError: Missing required column: close
2026-02-25 21:55:13,593 - INFO - Job started
2026-02-25 21:55:13,593 - INFO - Config validated: seed=42, window=5, version=v1
2026-02-25 21:55:13,610 - ERROR - Job failed
Traceback (most recent call last):
  File "C:\Users\Madesh\Documents\PT AI\run.py", line 68, in main
    raise ValueError("Missing required column: close")
ValueError: Missing required column: close
2026-02-25 21:59:31,776 - INFO - Job started
2026-02-25 21:59:31,780 - INFO - Config validated: seed=42, window=5, version=v1
2026-02-25 21:59:31,822 - INFO - Columns found: ['timestamp,open,high,low,close,volume_btc,volume_usd', 'unnamed: 1']
2026-02-25 21:59:31,826 - ERROR - Job failed
Traceback (most recent call last):
  File "C:\Users\Madesh\Documents\PT AI\run.py", line 72, in main
    raise ValueError("Missing required column: close")
ValueError: Missing required column: close
2026-02-25 22:00:21,926 - INFO - Job started
2026-02-25 22:00:21,928 - INFO - Config validated: seed=42, window=5, version=v1
2026-02-25 22:00:21,970 - INFO - Columns found: ['timestamp,open,high,low,close,volume_btc,volume_usd', 'unnamed: 1']
2026-02-25 22:00:21,973 - ERROR - Job failed
Traceback (most recent call last):
  File "C:\Users\Madesh\Documents\PT AI\run.py", line 72, in main
    raise ValueError("Missing required column: close")
ValueError: Missing required column: close
2026-02-25 22:02:58,197 - INFO - Job started
2026-02-25 22:02:58,200 - INFO - Config validated: seed=42, window=5, version=v1
2026-02-25 22:02:58,230 - INFO - Columns found: ['timestamp,open,high,low,close,volume_btc,volume_usd']
2026-02-25 22:02:58,236 - ERROR - Job failed
Traceback (most recent call last):
  File "C:\Users\Madesh\Documents\PT AI\run.py", line 72, in main
    raise ValueError("Missing required column: close")
ValueError: Missing required column: close
2026-02-25 22:07:02,115 - INFO - Job started
2026-02-25 22:07:02,117 - INFO - Config validated: seed=42, window=5, version=v1
2026-02-25 22:07:02,166 - INFO - Columns found: ['timestamp', 'open', 'high', 'low', 'close', 'volume_btc', 'volume_usd']
2026-02-25 22:07:02,168 - INFO - Computing rolling mean
2026-02-25 22:07:02,178 - INFO - Signal generation completed
2026-02-25 22:07:02,179 - INFO - Metrics: {'version': 'v1', 'rows_processed': 10000, 'metric': 'signal_rate', 'value': 0.4991, 'latency_ms': 63, 'seed': 42, 'status': 'success'}
2026-02-25 22:07:02,180 - INFO - Job completed successfully
2026-02-25 22:11:32,850 - INFO - Job started
2026-02-25 22:11:32,853 - INFO - Config validated: seed=42, window=5, version=v1
2026-02-25 22:11:32,863 - ERROR - Job failed
Traceback (most recent call last):
  File "C:\Users\Madesh\Documents\PT AI\run.py", line 60, in main
    df = pd.read_csv(args.input, encoding="utf-8-sig", quotechar='"')
         ^^^^^^^^^^^^^^^^^^^^^^^^^^^^^^^^^^^^^^^^^^^^^^^^^^^^^^^^^^^^
  File "C:\Users\Madesh\miniconda3\Lib\site-packages\pandas\io\parsers\readers.py", line 1026, in read_csv
    return _read(filepath_or_buffer, kwds)
           ^^^^^^^^^^^^^^^^^^^^^^^^^^^^^^^
  File "C:\Users\Madesh\miniconda3\Lib\site-packages\pandas\io\parsers\readers.py", line 620, in _read
    parser = TextFileReader(filepath_or_buffer, **kwds)
             ^^^^^^^^^^^^^^^^^^^^^^^^^^^^^^^^^^^^^^^^^^
  File "C:\Users\Madesh\miniconda3\Lib\site-packages\pandas\io\parsers\readers.py", line 1620, in __init__
    self._engine = self._make_engine(f, self.engine)
                   ^^^^^^^^^^^^^^^^^^^^^^^^^^^^^^^^^
  File "C:\Users\Madesh\miniconda3\Lib\site-packages\pandas\io\parsers\readers.py", line 1880, in _make_engine
    self.handles = get_handle(
                   ^^^^^^^^^^^
  File "C:\Users\Madesh\miniconda3\Lib\site-packages\pandas\io\common.py", line 873, in get_handle
    handle = open(
             ^^^^^
FileNotFoundError: [Errno 2] No such file or directory: 'wrong.csv'

During handling of the above exception, another exception occurred:

Traceback (most recent call last):
  File "C:\Users\Madesh\Documents\PT AI\run.py", line 62, in main
    raise ValueError("Invalid CSV format")
ValueError: Invalid CSV format
2026-02-25 22:13:36,653 - INFO - Job started
2026-02-25 22:13:36,654 - INFO - Config validated: seed=42, window=5, version=v1
2026-02-25 22:13:36,684 - INFO - Columns found: ['timestamp', 'open', 'high', 'low', 'close', 'volume_btc', 'volume_usd']
2026-02-25 22:13:36,688 - INFO - Computing rolling mean
2026-02-25 22:13:36,702 - INFO - Signal generation completed
2026-02-25 22:13:36,704 - INFO - Metrics: {'version': 'v1', 'rows_processed': 10000, 'metric': 'signal_rate', 'value': 0.4991, 'latency_ms': 49, 'seed': 42, 'status': 'success'}
2026-02-25 22:13:36,704 - INFO - Job completed successfully
